Connecting to host 21.42.0.4, port 55205
[  5] local 21.42.0.7 port 47064 connected to 21.42.0.4 port 55205
[ ID] Interval           Transfer     Bitrate         Retr  Cwnd
[  5]   0.00-1.00   sec  28.1 MBytes   236 Mbits/sec   41   1.75 MBytes
[  5]   1.00-2.00   sec  9.88 MBytes  82.9 Mbits/sec  109    256 KBytes
[  5]   2.00-3.00   sec  8.38 MBytes  70.3 Mbits/sec   22    256 KBytes
[  5]   3.00-4.00   sec  11.1 MBytes  93.3 Mbits/sec   34   63.9 KBytes
[  5]   4.00-5.00   sec  8.38 MBytes  70.3 Mbits/sec   23    256 KBytes
[  5]   5.00-6.00   sec  5.62 MBytes  47.2 Mbits/sec   20    384 KBytes
[  5]   6.00-7.00   sec  9.88 MBytes  82.8 Mbits/sec   29    256 KBytes
[  5]   7.00-8.00   sec  9.62 MBytes  80.7 Mbits/sec   25    192 KBytes
[  5]   8.00-9.00   sec  7.50 MBytes  62.9 Mbits/sec   21    128 KBytes
[  5]   9.00-10.00  sec  8.25 MBytes  69.2 Mbits/sec   26   63.9 KBytes
[  5]  10.00-11.00  sec  8.00 MBytes  67.1 Mbits/sec   26    192 KBytes
[  5]  11.00-12.00  sec  8.38 MBytes  70.3 Mbits/sec   25    192 KBytes
[  5]  12.00-13.00  sec  8.25 MBytes  69.2 Mbits/sec   25    256 KBytes
[  5]  13.00-14.00  sec  7.00 MBytes  58.7 Mbits/sec   25    128 KBytes
[  5]  14.00-15.00  sec  8.38 MBytes  70.3 Mbits/sec   24    256 KBytes
[  5]  15.00-16.00  sec  8.50 MBytes  71.3 Mbits/sec   23    256 KBytes
[  5]  16.00-17.00  sec  7.00 MBytes  58.7 Mbits/sec   24    256 KBytes
[  5]  17.00-18.00  sec  8.25 MBytes  69.2 Mbits/sec   23    128 KBytes
[  5]  18.00-19.00  sec  8.50 MBytes  71.3 Mbits/sec   25    256 KBytes
[  5]  19.00-20.00  sec  6.88 MBytes  57.7 Mbits/sec   25    192 KBytes
[  5]  20.00-21.00  sec  8.38 MBytes  70.3 Mbits/sec   23    256 KBytes
[  5]  21.00-22.00  sec  8.38 MBytes  70.3 Mbits/sec   23    256 KBytes
[  5]  22.00-23.00  sec  7.00 MBytes  58.7 Mbits/sec   27    128 KBytes
[  5]  23.00-24.00  sec  8.25 MBytes  69.2 Mbits/sec   24    192 KBytes
[  5]  24.00-25.00  sec  8.50 MBytes  71.3 Mbits/sec   25    192 KBytes
[  5]  25.00-26.00  sec  8.25 MBytes  69.2 Mbits/sec   25   63.9 KBytes
[  5]  26.00-27.00  sec  7.00 MBytes  58.7 Mbits/sec   24    256 KBytes
[  5]  27.00-28.00  sec  8.25 MBytes  69.2 Mbits/sec   24   63.9 KBytes
[  5]  28.00-29.00  sec  8.50 MBytes  71.3 Mbits/sec   26    256 KBytes
[  5]  29.00-30.00  sec  6.88 MBytes  57.6 Mbits/sec   25    128 KBytes
- - - - - - - - - - - - - - - - - - - - - - - - -
[ ID] Interval           Transfer     Bitrate         Retr
[  5]   0.00-30.00  sec   265 MBytes  74.2 Mbits/sec  841            sender
[  5]   0.00-30.01  sec   262 MBytes  73.3 Mbits/sec                  receiver

iperf Done.
