Connecting to host 21.42.0.4, port 55205
[  5] local 21.42.0.7 port 39238 connected to 21.42.0.4 port 55205
[ ID] Interval           Transfer     Bitrate         Retr  Cwnd
[  5]   0.00-1.00   sec  27.2 MBytes   228 Mbits/sec   41    703 KBytes
[  5]   1.00-2.00   sec  5.75 MBytes  48.2 Mbits/sec    9    512 KBytes
[  5]   2.00-3.00   sec  5.50 MBytes  46.2 Mbits/sec    8    703 KBytes
[  5]   3.00-4.00   sec  5.62 MBytes  47.2 Mbits/sec    6    767 KBytes
[  5]   4.00-5.00   sec  5.50 MBytes  46.1 Mbits/sec    5    895 KBytes
[  5]   5.00-6.00   sec  5.12 MBytes  43.0 Mbits/sec    7    703 KBytes
[  5]   6.00-7.00   sec  3.12 MBytes  26.2 Mbits/sec   10    256 KBytes
[  5]   7.00-8.00   sec  4.12 MBytes  34.6 Mbits/sec    4    576 KBytes
[  5]   8.00-9.00   sec  2.75 MBytes  23.1 Mbits/sec    6    639 KBytes
[  5]   9.00-10.00  sec  4.25 MBytes  35.7 Mbits/sec    5    576 KBytes
[  5]  10.00-11.00  sec  5.75 MBytes  48.2 Mbits/sec    4    576 KBytes
[  5]  11.00-12.00  sec  3.12 MBytes  26.2 Mbits/sec   11    512 KBytes
[  5]  12.00-13.00  sec  3.25 MBytes  27.3 Mbits/sec    3    512 KBytes
[  5]  13.00-14.00  sec  1.50 MBytes  12.6 Mbits/sec   10    256 KBytes
[  5]  14.00-15.00  sec  7.12 MBytes  59.8 Mbits/sec    1    639 KBytes
[  5]  15.00-16.00  sec  2.88 MBytes  24.1 Mbits/sec    6    576 KBytes
[  5]  16.00-17.00  sec  4.25 MBytes  35.7 Mbits/sec    2    512 KBytes
[  5]  17.00-18.00  sec  4.62 MBytes  38.8 Mbits/sec   11    384 KBytes
[  5]  18.00-19.00  sec  6.38 MBytes  53.5 Mbits/sec    5    384 KBytes
[  5]  19.00-20.00  sec  8.38 MBytes  70.3 Mbits/sec    0    831 KBytes
[  5]  20.00-21.00  sec  6.88 MBytes  57.7 Mbits/sec    0   1.06 MBytes
[  5]  21.00-22.00  sec  2.88 MBytes  24.1 Mbits/sec   12    192 KBytes
[  5]  22.00-23.00  sec  5.75 MBytes  48.2 Mbits/sec   15    384 KBytes
[  5]  23.00-24.00  sec  5.75 MBytes  48.2 Mbits/sec    1    576 KBytes
[  5]  24.00-25.00  sec  2.75 MBytes  23.1 Mbits/sec    4    320 KBytes
[  5]  25.00-26.00  sec  4.38 MBytes  36.7 Mbits/sec    0    576 KBytes
[  5]  26.00-27.00  sec  4.38 MBytes  36.7 Mbits/sec    1    639 KBytes
[  5]  27.00-28.00  sec  4.62 MBytes  38.8 Mbits/sec    0    767 KBytes
[  5]  28.00-29.00  sec  4.62 MBytes  38.8 Mbits/sec    3    576 KBytes
[  5]  29.00-30.00  sec  10.0 MBytes  83.9 Mbits/sec    0   1023 KBytes
- - - - - - - - - - - - - - - - - - - - - - - - -
[ ID] Interval           Transfer     Bitrate         Retr
[  5]   0.00-30.00  sec   168 MBytes  47.0 Mbits/sec  190            sender
[  5]   0.00-30.05  sec   165 MBytes  46.2 Mbits/sec                  receiver

iperf Done.
