Connecting to host 21.42.0.4, port 55205
[  5] local 21.42.0.7 port 47512 connected to 21.42.0.4 port 55205
[ ID] Interval           Transfer     Bitrate         Retr  Cwnd
[  5]   0.00-1.00   sec  21.0 MBytes   176 Mbits/sec  106    767 KBytes
[  5]   1.00-2.00   sec  2.75 MBytes  23.1 Mbits/sec   29    192 KBytes
[  5]   2.00-3.00   sec  1.38 MBytes  11.5 Mbits/sec    9    128 KBytes
[  5]   3.00-4.00   sec  1.38 MBytes  11.5 Mbits/sec    3    192 KBytes
[  5]   4.00-5.00   sec  1.38 MBytes  11.5 Mbits/sec    3    128 KBytes
[  5]   5.00-6.00   sec  1.38 MBytes  11.5 Mbits/sec    4    128 KBytes
[  5]   6.00-7.00   sec  1.38 MBytes  11.5 Mbits/sec    4    192 KBytes
[  5]   7.00-8.00   sec  1.38 MBytes  11.5 Mbits/sec    2    384 KBytes
[  5]   8.00-9.00   sec  2.75 MBytes  23.1 Mbits/sec    2    448 KBytes
[  5]   9.00-10.00  sec  1.38 MBytes  11.5 Mbits/sec    4    512 KBytes
[  5]  10.00-11.00  sec  1.50 MBytes  12.6 Mbits/sec    2    384 KBytes
[  5]  11.00-12.00  sec  2.75 MBytes  23.1 Mbits/sec    3    320 KBytes
[  5]  12.00-13.00  sec  1.62 MBytes  13.6 Mbits/sec    5    128 KBytes
[  5]  13.00-14.00  sec  1.38 MBytes  11.5 Mbits/sec    3    192 KBytes
[  5]  14.00-15.00  sec  1.38 MBytes  11.5 Mbits/sec    4    192 KBytes
[  5]  15.00-16.00  sec  2.88 MBytes  24.1 Mbits/sec    0    384 KBytes
[  5]  16.00-17.00  sec  1.38 MBytes  11.5 Mbits/sec    6    320 KBytes
[  5]  17.00-18.00  sec  1.38 MBytes  11.5 Mbits/sec    7    192 KBytes
[  5]  18.00-19.00  sec  1.50 MBytes  12.6 Mbits/sec    4    256 KBytes
[  5]  19.00-20.00  sec  1.38 MBytes  11.5 Mbits/sec    2    192 KBytes
[  5]  20.00-21.00  sec  1.38 MBytes  11.5 Mbits/sec    7    128 KBytes
[  5]  21.00-22.00  sec  1.50 MBytes  12.6 Mbits/sec    1    320 KBytes
[  5]  22.00-23.00  sec  2.75 MBytes  23.1 Mbits/sec    6    128 KBytes
[  5]  23.00-24.00  sec  1.38 MBytes  11.5 Mbits/sec    3    192 KBytes
[  5]  24.00-25.00  sec  2.88 MBytes  24.1 Mbits/sec    5    192 KBytes
[  5]  25.00-26.00  sec  1.38 MBytes  11.5 Mbits/sec    5    192 KBytes
[  5]  26.00-27.00  sec  2.88 MBytes  24.1 Mbits/sec    1    320 KBytes
[  5]  27.00-28.00  sec  2.88 MBytes  24.1 Mbits/sec    2    320 KBytes
[  5]  28.00-29.00  sec  2.75 MBytes  23.1 Mbits/sec    2    384 KBytes
[  5]  29.00-30.00  sec  1.88 MBytes  15.7 Mbits/sec    4    320 KBytes
- - - - - - - - - - - - - - - - - - - - - - - - -
[ ID] Interval           Transfer     Bitrate         Retr
[  5]   0.00-30.00  sec  74.9 MBytes  20.9 Mbits/sec  238            sender
[  5]   0.00-30.09  sec  71.8 MBytes  20.0 Mbits/sec                  receiver

iperf Done.
