Connecting to host 2408:8207:18d3:2890::4b4, port 55206
[  5] local 2409:8a00:24a0:7820:fd85:9ed0:3fde:d0ff port 34142 connected to 2408:8207:18d3:2890::4b4 port 55206
[ ID] Interval           Transfer     Bitrate         Retr  Cwnd
[  5]   0.00-1.00   sec  30.6 MBytes   257 Mbits/sec  501   38.5 KBytes
[  5]   1.00-2.00   sec  4.00 MBytes  33.6 Mbits/sec   13   31.6 KBytes
[  5]   2.00-3.00   sec  4.12 MBytes  34.6 Mbits/sec   17   31.6 KBytes
[  5]   3.00-4.00   sec  4.12 MBytes  34.6 Mbits/sec   19   30.2 KBytes
[  5]   4.00-5.00   sec  5.38 MBytes  45.1 Mbits/sec   17   41.2 KBytes
[  5]   5.00-6.00   sec  6.75 MBytes  56.6 Mbits/sec    8   78.4 KBytes
[  5]   6.00-7.00   sec  5.50 MBytes  46.1 Mbits/sec   21   38.5 KBytes
[  5]   7.00-8.00   sec  8.12 MBytes  68.2 Mbits/sec    6   57.8 KBytes
[  5]   8.00-9.00   sec  12.2 MBytes   103 Mbits/sec    5    136 KBytes
[  5]   9.00-10.00  sec  24.5 MBytes   206 Mbits/sec    0    235 KBytes
[  5]  10.00-11.00  sec  8.12 MBytes  68.2 Mbits/sec  188   28.9 KBytes
[  5]  11.00-12.00  sec  5.50 MBytes  46.1 Mbits/sec    7   71.5 KBytes
[  5]  12.00-13.00  sec  12.2 MBytes   103 Mbits/sec   24   46.8 KBytes
[  5]  13.00-14.00  sec  6.75 MBytes  56.6 Mbits/sec   10   41.2 KBytes
[  5]  14.00-15.00  sec  5.50 MBytes  46.1 Mbits/sec   13   56.4 KBytes
[  5]  15.00-16.00  sec  8.12 MBytes  68.2 Mbits/sec   19   86.6 KBytes
[  5]  16.00-17.00  sec  9.62 MBytes  80.7 Mbits/sec   18   31.6 KBytes
[  5]  17.00-18.00  sec  4.12 MBytes  34.6 Mbits/sec   14   31.6 KBytes
[  5]  18.00-19.00  sec  9.50 MBytes  79.7 Mbits/sec    2   75.6 KBytes
[  5]  19.00-20.00  sec  13.6 MBytes   114 Mbits/sec    4    143 KBytes
[  5]  20.00-21.00  sec  13.6 MBytes   114 Mbits/sec   13   93.5 KBytes
[  5]  21.00-22.00  sec  13.6 MBytes   114 Mbits/sec   10   93.5 KBytes
[  5]  22.00-23.00  sec  9.50 MBytes  79.7 Mbits/sec    6    114 KBytes
[  5]  23.00-24.00  sec  16.4 MBytes   137 Mbits/sec    9    122 KBytes
[  5]  24.00-25.00  sec  17.8 MBytes   149 Mbits/sec  133   41.2 KBytes
[  5]  25.00-26.00  sec  12.2 MBytes   103 Mbits/sec   43   70.1 KBytes
[  5]  26.00-27.00  sec  10.9 MBytes  91.2 Mbits/sec   27   49.5 KBytes
[  5]  27.00-28.00  sec  6.75 MBytes  56.6 Mbits/sec    7   39.9 KBytes
[  5]  28.00-29.00  sec  8.12 MBytes  68.2 Mbits/sec    9   48.1 KBytes
[  5]  29.00-30.00  sec  9.62 MBytes  80.7 Mbits/sec    5   90.8 KBytes
- - - - - - - - - - - - - - - - - - - - - - - - -
[ ID] Interval           Transfer     Bitrate         Retr
[  5]   0.00-30.00  sec   307 MBytes  85.8 Mbits/sec  1168            sender
[  5]   0.00-30.01  sec   304 MBytes  85.0 Mbits/sec                  receiver

iperf Done.
