warning: unable to download 'https://flake-cache.jinpeng.boo/nix-cache-info': SSL connect error (35) Recv failure: Connection reset by peer; retrying in 332 ms (attempt 1/5)
warning: unable to download 'https://flake-cache.jinpeng.boo/nix-cache-info': SSL connect error (35) Recv failure: Connection reset by peer; retrying in 570 ms (attempt 2/5)
warning: unable to download 'https://flake-cache.jinpeng.boo/nix-cache-info': SSL connect error (35) Recv failure: Connection reset by peer; retrying in 1334 ms (attempt 3/5)
warning: unable to download 'https://flake-cache.jinpeng.boo/nix-cache-info': SSL connect error (35) Recv failure: Connection reset by peer; retrying in 2554 ms (attempt 4/5)
disabling binary cache 'https://flake-cache.jinpeng.boo' for 60 seconds
warning: unable to download 'https://flake-cache.jinpeng.boo/nix-cache-info': SSL connect error (35) Recv failure: Connection reset by peer
copying path '/nix/store/xxcd1yy4cyrlnwaa4y6ns1z41cg05k0j-wasm-tools-1.254.0' from 'http://127.0.0.1:5496'...
copying path '/nix/store/q863g0n82kc8k91wsgi6x65wavacdc6h-wit-bindgen-0.60.0' from 'http://127.0.0.1:5496'...
building '/nix/store/pwa4znpkcv3fx4hdp6awk53y7ic9hn8d-rust-std-1.91.0-wasm32-unknown-unknown.tar.xz.drv'...
building '/nix/store/cpjsbhal5c5z2yzl2lmj521kjcr8b0v6-rust-std-1.91.0-wasm32-unknown-unknown.drv'...
building '/nix/store/aqik1yvhnpwyvpr3rih687jmdsk6sr47-rust-default-1.91.0.drv'...
building '/nix/store/q1bqc10kd2mj5npv5rh7vh45ylka09s2-nix-shell-env.drv'...
phase0 wasm spike shell
rustc 1.91.0 (f8297e351 2025-10-28)
wasm-tools 1.254.0
wit-bindgen-cli 0.60.0
/nix/store/9yizk815v7fjxl0b6nc7bc2gwwa8sik3-rust-default-1.91.0/bin/rustc
/nix/store/xxcd1yy4cyrlnwaa4y6ns1z41cg05k0j-wasm-tools-1.254.0/bin/wasm-tools
/nix/store/q863g0n82kc8k91wsgi6x65wavacdc6h-wit-bindgen-0.60.0/bin/wit-bindgen
rustc 1.91.0 (f8297e351 2025-10-28)
wasm-tools 1.254.0
wit-bindgen-cli 0.60.0
etc
src
wasm32-unknown-unknown
x86_64-unknown-linux-gnu
x86_64-unknown-linux-musl
timeout 1500 nix develop path:$S/nix-wasm-shell --command sh -c   0.69s user 0.19s system 3% cpu 27.224 total
exit=0
